[www.liverpool.ac.uk/index.html]
[backblue.gif]
[fade.gif]
[index.html]
[www.liverpool.ac.uk/images/favicon.ico]
[www.liverpool.ac.uk/images/apple-touch-icon.png]
[www.liverpool.ac.uk/files/css/master/master-2.css]
[www.liverpool.ac.uk/files/css/master/home-page.css]
[www.liverpool.ac.uk/files/js/mmenu/jquery.mmenu.all.css]
[www.liverpool.ac.uk/files/js/common-scripts/jquery/jquery-3.6.0.min.js]
[www.liverpool.ac.uk/files/js/push-out-menus/modernizr.custom.js]
[use.typekit.net/nsk6wbr.css]
[www.liverpool.ac.uk/study/why-liverpool/index.html]
[www.liverpool.ac.uk/study/online/index.html]
[www.liverpool.ac.uk/study/international/index.html]
[www.liverpool.ac.uk/courses/search.html]
[www.liverpool.ac.uk/about/index.html]
[www.liverpool.ac.uk/media/livacuk/BHM-2022-homepage.jpg]
[ajax.googleapis.com/ajax/libs/jqueryui/1.12.1/jquery-ui.min.js]
[code.jquery.com/ui/1.10.4/themes/smoothness/jquery-ui.css]
[www.liverpool.ac.uk/feature/black-history-month/index.html]
[www.liverpool.ac.uk/study/web-objects/events-toptwo.html]
[www.liverpool.ac.uk/study/postgraduate-taught/courses/indexee18.html]
[www.liverpool.ac.uk/study/postgraduate-research/degrees/indexee18.html]
[www.liverpool.ac.uk/procurement/modern-slavery-statement/index.html]
[www.liverpool.ac.uk/files/js/common/services-responsive-nav/responsive-nav.js]
[www.liverpool.ac.uk/accessibility/index.html]
[www.liverpool.ac.uk/files/js/mmenu/jquery.mmenu.all.js]
[www.liverpool.ac.uk/files/js/accessible-mega-menus-responsive/new/megamenu.js]
[www.liverpool.ac.uk/files/js/common/ss-social.js]
[www.liverpool.ac.uk/files/lib/hammer.min.js]
[www.liverpool.ac.uk/files/tosrusassets/src/js/jquery.tosrus.min.all.js]
[www.liverpool.ac.uk/index.html]
[www.liverpool.ac.uk/files/css/master/master-2.css]
[www.liverpool.ac.uk/files/css/master/home-page.css]
[www.liverpool.ac.uk/files/js/mmenu/jquery.mmenu.all.css]
[www.googletagmanager.com/gtm5445.html]
[use.typekit.net/af/0d0f8f/00000000000000007735c199/30/le196]
[use.typekit.net/af/0d0f8f/00000000000000007735c199/30/de196]
[use.typekit.net/af/0d0f8f/00000000000000007735c199/30/ae196]
[use.typekit.net/af/54c3f2/00000000000000007735c19d/30/le003]
[use.typekit.net/af/54c3f2/00000000000000007735c19d/30/de003]
[use.typekit.net/af/54c3f2/00000000000000007735c19d/30/ae003]
[use.typekit.net/af/a3941f/00000000000000007735c1a1/30/l5bba]
[use.typekit.net/af/a3941f/00000000000000007735c1a1/30/d5bba]
[use.typekit.net/af/a3941f/00000000000000007735c1a1/30/a5bba]
[use.typekit.net/af/a66c7a/00000000000000007735c1a3/30/l652f]
[use.typekit.net/af/a66c7a/00000000000000007735c1a3/30/d652f]
[use.typekit.net/af/a66c7a/00000000000000007735c1a3/30/a652f]
[use.typekit.net/af/c56696/00000000000000007735c1a5/30/l7238]
[use.typekit.net/af/c56696/00000000000000007735c1a5/30/d7238]
[use.typekit.net/af/c56696/00000000000000007735c1a5/30/a7238]
[use.typekit.net/af/16f739/00000000000000007735c1a7/30/lc150]
[use.typekit.net/af/16f739/00000000000000007735c1a7/30/dc150]
[use.typekit.net/nsk6wbr.css]
[www.liverpool.ac.uk/logo-size-test/full-colour.svg]
[use.typekit.net/af/16f739/00000000000000007735c1a7/30/ac150]
[www.liverpool.ac.uk/study/index.html]
[www.liverpool.ac.uk/media/livacuk/globalnav/triangles-lines.svg]
[www.liverpool.ac.uk/files/js/script.js]
[www.liverpool.ac.uk/files/css/master/project-shape.css]
[www.liverpool.ac.uk/files/css/master/why-choose-liverpool.css]
[stream.liv.ac.uk/jwplayer8/jwplayer.js]
[www.liverpool.ac.uk/files/js/lightbox/lightbox.js]
[www.liverpool.ac.uk/files/js/lightbox/lightbox.css]
[www.liverpool.ac.uk/media/whychooseliverpool/why-choose-banner.jpg]
[www.liverpool.ac.uk/study/why-liverpool/accessible-for-everyone/index.html]
[www.liverpool.ac.uk/study/why-liverpool/campus-life/index.html]
[www.liverpool.ac.uk/virtual-tour/index.html]
[www.liverpool.ac.uk/media/whychooseliverpool/McCoy_Wynne-2406,(1).jpg]
[www.liverpool.ac.uk/media/whychooseliverpool/Students.jpg]
[www.liverpool.ac.uk/media/whychooseliverpool/a-pioneering.jpg]
[www.liverpool.ac.uk/media/whychooseliverpool/-_McCoy_Wynne-3663,Panorama,2,print-res.jpg]
[www.liverpool.ac.uk/media/whychooseliverpool/Â©McCoy_Wynne-8404.jpg]
[www.liverpool.ac.uk/media/whychooseliverpool/McCoy_Wynne-6455.jpg]
[www.liverpool.ac.uk/media/whychooseliverpool/accesibble,to,all.jpg]
[www.liverpool.ac.uk/media/whychooseliverpool/accommodation.jpg]
[www.liverpool.ac.uk/media/whychooseliverpool/-_McCoy_Wynne-Campus,3,print-res.jpg]
[www.liverpool.ac.uk/media/whychooseliverpool/zuzanna-vow.jpg]
[www.liverpool.ac.uk/media/whychooseliverpool/_McCoy_Wynne-4720.jpg]
[www.liverpool.ac.uk/media/whychooseliverpool/insiders-guide.jpg]
[www.liverpool.ac.uk/media/whychooseliverpool/McCoy_Wynne-7181.jpg]
[www.liverpool.ac.uk/media/whychooseliverpool/undergraduate.jpg]
[www.liverpool.ac.uk/media/whychooseliverpool/postgraduate.jpg]
[www.liverpool.ac.uk/media/whychooseliverpool/DSC_0123.jpg]
[www.liverpool.ac.uk/media/whychooseliverpool/find-your-voice,.jpg]
[app.geckoform.com/gecko-embed/formab0f.js]
[www.liverpool.ac.uk/media/whychooseliverpool/McCoy_Wynne-6689.jpg]
[www.liverpool.ac.uk/media/whychooseliverpool/co-exploration.jpg]
[www.liverpool.ac.uk/careers/about/co-exploration/index.html]
[www.liverpool.ac.uk/media/whychooseliverpool/careers1.jpg]
[www.liverpool.ac.uk/careers/about/embedded-employability/index.html]
[www.liverpool.ac.uk/media/whychooseliverpool/embedded-employability.jpg]
[www.liverpool.ac.uk/careers/employers/index.html]
[www.liverpool.ac.uk/careers/about/student-success/index.html]
[www.liverpool.ac.uk/media/whychooseliverpool/cande-success.jpg]
[www.liverpool.ac.uk/media/whychooseliverpool/McCoy_Wynne-2590.jpg]
[www.liverpool.ac.uk/media/whychooseliverpool/alumni-banner-2.jpg]
[www.liverpool.ac.uk/media/whychooseliverpool/alumni-networks.jpg]
[www.liverpool.ac.uk/media/whychooseliverpool/victoria-derbyshire.jpg]
[www.liverpool.ac.uk/media/whychooseliverpool/find-your-future.jpg]
[www.liverpool.ac.uk/media/whychooseliverpool/McCoy_Wynne-2711.jpg]
[www.liverpool.ac.uk/media/whychooseliverpool/darryn.jpg]
[www.liverpool.ac.uk/media/whychooseliverpool/Gabriella.jpg]
[www.liverpool.ac.uk/media/whychooseliverpool/Sophie.jpg]
[www.liverpool.ac.uk/media/whychooseliverpool/Joao.jpg]
[www.liverpool.ac.uk/media/whychooseliverpool/paige.jpg]
[www.liverpool.ac.uk/media/whychooseliverpool/samantha.jpg]
[www.liverpool.ac.uk/study/why-liverpool/index.html]
[www.liverpool.ac.uk/study/subjects/index.html]
[www.liverpool.ac.uk/courses/index.html]
[www.liverpool.ac.uk/undergraduate/index.html]
[www.liverpool.ac.uk/study/postgraduate-taught/index.html]
[www.liverpool.ac.uk/study/postgraduate-research/index.html]
[www.liverpool.ac.uk/courses/subjects.html]
[www.liverpool.ac.uk/files/css/master/study.css]
[www.liverpool.ac.uk/files/js/services-responsive-nav/responsive-nav.js]
[www.liverpool.ac.uk/files/css/master/online-temp.css]
[www.liverpool.ac.uk/media/livacuk/study/online/online-programmes-banner-newest.jpg]
[www.liverpool.ac.uk/media/livacuk/online-degrees-promo.jpg]
[www.liverpool.ac.uk/centre-for-archive-studies/courses/dcpsarm/index.html]
[www.liverpool.ac.uk/media/livacuk/cpd-module-promo.jpg]
[www.liverpool.ac.uk/vets/cpd/certavp/index.html]
[www.liverpool.ac.uk/centre-for-archive-studies/courses/d-cps_rim/index.html]
[www.liverpool.ac.uk/vets/cpd/vet-business/index.html]
[www.liverpool.ac.uk/vets/cpd/vet-professional/index.html]
[www.liverpool.ac.uk/vets/cpd/vet-physio/index.html]
[www.liverpool.ac.uk/study/online/index.html]
[www.liverpool.ac.uk/continuing-education/index.html]
[www.liverpool.ac.uk/cpd/index.html]
[www.liverpool.ac.uk/study/international/sponsors/articulation-routes-and-degree-titles/index.html]
[www.liverpool.ac.uk/files/js/jquery.flexslider.js]
[www.liverpool.ac.uk/files/js/jquery.responsivegrid.js]
[www.liverpool.ac.uk/study/international/countries/index.html]
[www.liverpool.ac.uk/media/pg-event-virtual-banner.jpg]
[www.liverpool.ac.uk/study/international/programmes/index.html]
[www.liverpool.ac.uk/study/international/virtual-campus-tour/index.html]
[www.liverpool.ac.uk/study/international/tuition-fees-and-scholarships/index.html]
[www.liverpool.ac.uk/study/international/apply/index.html]
[www.liverpool.ac.uk/media/livacuk/study/international/english-programme-icon.jpg]
[www.liverpool.ac.uk/global-opportunities/inbound/index.html]
[www.liverpool.ac.uk/study/international/coming-to-liverpool/index.html]
[www.liverpool.ac.uk/study/international/sponsors/index.html]
[www.liverpool.ac.uk/study/international/student-testimonials/index.html]
[www.liverpool.ac.uk/study/international/connect/index.html]
[www.liverpool.ac.uk/study/international/blog/index.html]
[www.liverpool.ac.uk/media/livacuk/study/postgraduate/banner-images/online,programmes,banner,image.jpg]
[www.liverpool.ac.uk/study/postgraduate-taught/pg-open-day/index.html]
[www.liverpool.ac.uk/media/livacuk/study/international/images/homepageslider/Â©McCoy_Wynne-8033.jpg]
[www.liverpool.ac.uk/study/postgraduate-taught/applying/index.html]
[www.liverpool.ac.uk/cll/index.html]
[www.liverpool.ac.uk/study/international/index.html]
[www.liverpool.ac.uk/xjtlu/index.html]
[www.liverpool.ac.uk/research/index.html]
[www.liverpool.ac.uk/media/livacuk/globalnav/wormy.svg]
[www.liverpool.ac.uk/research/research-themes/index.html]
[www.liverpool.ac.uk/a-z/research/index.html]
[www.liverpool.ac.uk/ref/index.html]
[www.liverpool.ac.uk/study/postgraduate-research/liverpool-doctoral-college/index.html]
[www.liverpool.ac.uk/collaborate/index.html]
[www.liverpool.ac.uk/collaborate/our-successes/index.html]
[www.liverpool.ac.uk/files/css/master/creatives.css]
[www.liverpool.ac.uk/files/js/global/hammer.min.js]
[www.liverpool.ac.uk/files/js/global/jquery.tosrus.js]
[www.liverpool.ac.uk/media/livacuk/about/heros/vgm-hero.jpg]
[www.liverpool.ac.uk/media/a4-equality-and-human-rights-commission-2110.pdf]
[www.liverpool.ac.uk/media/livacuk/about/heros/widening-participation.jpg]
[www.liverpool.ac.uk/media/livacuk/homepageslider/research-home-hero.jpg]
[www.liverpool.ac.uk/media/livacuk/about/heros/liverpool.jpg]
[www.liverpool.ac.uk/study/postgraduate-taught/courses/index.html]
[www.liverpool.ac.uk/media/livacuk/about/heros/on-every-continent-02.jpg]
[www.liverpool.ac.uk/media/sustainable-campus-banner-3.jpg]
[www.liverpool.ac.uk/research/research-themes/heritage/index.html]
[www.liverpool.ac.uk/research/research-themes/digital/index.html]
[www.liverpool.ac.uk/research/research-themes/living-well/index.html]
[www.liverpool.ac.uk/media/livacuk/about/heros/janet-hero.jpg]
[www.liverpool.ac.uk/health-and-life-sciences/index.html]
[www.liverpool.ac.uk/science-and-engineering/interdisciplinary-research/index.html]
[www.liverpool.ac.uk/research/research-themes/climate-futures/index.html]
[www.liverpool.ac.uk/humanities-and-social-sciences/research/index.html]
[www.liverpool.ac.uk/media/livacuk/cgso/calendar/Supplemental,Charter.pdf]
[www.liverpool.ac.uk/internationalisation/index.html]
[www.liverpool.ac.uk/about/files/supplemental-charter-to-july-2013.pdf]
[www.liverpool.ac.uk/languages/index.html]
[www.liverpool.ac.uk/research/research-themes/climate-futures/science/index.html]
[www.liverpool.ac.uk/research/research-themes/climate-futures/society/index.html]
[www.liverpool.ac.uk/media/livacuk/cgso/RoMI.pdf]
[www.liverpool.ac.uk/research/research-themes/climate-futures/solutions/index.html]
[www.liverpool.ac.uk/sustainability/our-sustainable-university/energy-and-carbon/index.html]
[www.liverpool.ac.uk/sustainability/our-sustainable-university/sustainable-buildings/citycampus/index.html]
[www.liverpool.ac.uk/media/livacuk/about/University,of,Liverpool,Economic,Social,Impact,Report,on,the,Liverpool,City,Region,2015,2016.pdf]
[www.liverpool.ac.uk/sustainability/our-sustainable-university/sustainable-buildings/leahurstcampus/index.html]
[www.liverpool.ac.uk/sustainability/our-sustainable-university/sustainable-buildings/nessbotanicgardens/index.html]
[www.liverpool.ac.uk/sustainability/our-sustainable-university/sustainable-buildings/greenbankstudentvillage/index.html]
[www.liverpool.ac.uk/ness-gardens/hedgehogfriendlycampus/index.html]
[www.liverpool.ac.uk/governance/council/member-biographies/index.html]
[www.liverpool.ac.uk/finance/financial_statements/index.html]
[www.liverpool.ac.uk/media/UoL,Student,Protection,Plan,Update,22.pdf]
[www.liverpool.ac.uk/media/livacuk/study/undergraduate/applying/access-and-participation-plan-201920.pdf]
[www.liverpool.ac.uk/media/livacuk/about/APP2020-25.pdf]
[www.liverpool.ac.uk/media/2019-2020-access-and-participation-plan-monitoring-report.pdf]
[www.liverpool.ac.uk/media/fees-summary-2022-23.pdf]
[www.liverpool.ac.uk/transparency-data/index.html]
[www.liverpool.ac.uk/governance/index.html]
[www.liverpool.ac.uk/about/index.html]
[www.liverpool.ac.uk/vice-chancellors-office/senior-leadership-team/executive-pro-vice-chancellor-science-and-engineering/index.html]
[www.liverpool.ac.uk/vice-chancellors-office/senior-leadership-team/executive-pro-vice-chancellor-health-and-ife-sciences/index.html]
[www.liverpool.ac.uk/vice-chancellors-office/senior-leadership-team/executive-pro-vice-chancellor-humanities-and-social-sciences/index.html]
[www.liverpool.ac.uk/vice-chancellors-office/senior-leadership-team/pro-vice-chancellor-for-cultural-engagement/index.html]
[www.liverpool.ac.uk/media/livacuk/globalnav/cubes.svg]
[www.liverpool.ac.uk/vice-chancellors-office/senior-leadership-team/pro-vice-chancellor-for-education/index.html]
[www.liverpool.ac.uk/vice-chancellors-office/senior-leadership-team/pro-vice-chancellor-for-research-and-impact/index.html]
[www.liverpool.ac.uk/vice-chancellors-office/senior-leadership-team/director-of-finance/index.html]
[www.liverpool.ac.uk/vice-chancellors-office/senior-leadership-team/director-of-people-and-services/index.html]
[www.liverpool.ac.uk/strategy-2026/index.html]
[www.liverpool.ac.uk/events/index.html]
[www.liverpool.ac.uk/a-z/academic/index.html]
[www.liverpool.ac.uk/library/index.html]
[www.liverpool.ac.uk/sports/index.html]
[www.liverpool.ac.uk/conferences-and-events/index.html]
[www.liverpool.ac.uk/working/index.html]
[www.liverpool.ac.uk/accommodation/index.html]
[www.liverpool.ac.uk/maps/index.html]
[www.liverpool.ac.uk/contacts/index.html]
[www.liverpool.ac.uk/search/index.html]
[www.liverpool.ac.uk/welcome/index.html]
[www.liverpool.ac.uk/vice-chancellors-office/senior-leadership-team/director-of-legal-and-university-secretary/index.html]
[use.typekit.net/sjq0adl.css]
[www.liverpool.ac.uk/search/help/index.html]
[www.liverpool.ac.uk/files/css/master/academic-subjects.css]
[www.liverpool.ac.uk/files/css/master/course.css]
[www.liverpool.ac.uk/files/css/master/international-country-pages.css]
[www.liverpool.ac.uk/files/js/flags/assets/docs.js]
[www.liverpool.ac.uk/files/js/dialog-polyfill/dialog-polyfill.css]
[www.liverpool.ac.uk/files/js/lightbox/lightbox-dialog.js]
[www.liverpool.ac.uk/files/js/flags/css/flag-icon.css]
[www.liverpool.ac.uk/courses/undergraduate.html]
[www.liverpool.ac.uk/files/js/dialog-polyfill/dialog-polyfill.js]
[www.liverpool.ac.uk/src/courses/courses.js]
[cdn.jsdelivr.net/gh/GoogleChrome/inert-polyfill@v0.1.0/inert-polyfill.min.js]
[www.liverpool.ac.uk/light-gallery/assets/js/lightgallery.umd.js]
[www.liverpool.ac.uk/light-gallery/assets/js/lg-zoom.umd.js]
[www.liverpool.ac.uk/light-gallery/assets/js/jquery.justifiedGallery.js]
[www.liverpool.ac.uk/light-gallery/assets/js/lg-thumbnail.umd.js]
[www.liverpool.ac.uk/courses/search.html]
[www.liverpool.ac.uk/files/images/icons/search-white.svg]
[www.liverpool.ac.uk/a-z/index.html]
[www.liverpool.ac.uk/logo-size-test/white.svg]
[www.liverpool.ac.uk/files/css/master/landing-page.css]
[www.liverpool.ac.uk/media/livacuk/BHM-feature-banner,(1).jpg]
[www.liverpool.ac.uk/feature/black-history-month/racial-equity-challenge/index.html]
[www.liverpool.ac.uk/media/livacuk/calendar,module.jpg]
[www.liverpool.ac.uk/media/livacuk/rosetta-tharpe.jpg]
[www.liverpool.ac.uk/media/livacuk/world-reimagined-module.jpg]
[www.liverpool.ac.uk/media/livacuk/BHM-museum-module.jpg]
[www.liverpool.ac.uk/media/livacuk/malik-al-nasir.jpg]
[www.liverpool.ac.uk/media/livacuk/dr-mabhala.jpg]
[www.liverpool.ac.uk/feature/black-history-month/index.html]
[code.jquery.com/ui/1.10.4/themes/smoothness/images/animated-overlay.gif]
[code.jquery.com/ui/1.10.4/themes/smoothness/images/ui-bg_flat_75_ffffff_40x100.png]
[code.jquery.com/ui/1.10.4/themes/smoothness/images/ui-bg_highlight-soft_75_cccccc_1x100.png]
[code.jquery.com/ui/1.10.4/themes/smoothness/images/ui-bg_glass_75_e6e6e6_1x400.png]
[code.jquery.com/ui/1.10.4/themes/smoothness/images/ui-bg_glass_75_dadada_1x400.png]
[code.jquery.com/ui/1.10.4/themes/smoothness/images/ui-bg_glass_65_ffffff_1x400.png]
[code.jquery.com/ui/1.10.4/themes/smoothness/images/ui-bg_glass_55_fbf9ee_1x400.png]
[code.jquery.com/ui/1.10.4/themes/smoothness/images/ui-bg_glass_95_fef1ec_1x400.png]
[code.jquery.com/ui/1.10.4/themes/smoothness/images/ui-icons_222222_256x240.png]
[code.jquery.com/ui/1.10.4/themes/smoothness/images/ui-icons_888888_256x240.png]
[code.jquery.com/ui/1.10.4/themes/smoothness/images/ui-icons_454545_256x240.png]
[code.jquery.com/ui/1.10.4/themes/smoothness/images/ui-icons_2e83ff_256x240.png]
[code.jquery.com/ui/1.10.4/themes/smoothness/images/ui-icons_cd0a0a_256x240.png]
[code.jquery.com/ui/1.10.4/themes/smoothness/images/ui-bg_flat_0_aaaaaa_40x100.png]
[code.jquery.com/ui/1.10.4/themes/smoothness/jquery-ui.css]
[www.liverpool.ac.uk/study/undergraduate/courses/indexee18.html]
[www.liverpool.ac.uk/files/css/master/postgraduate.css]
[kit.fontawesome.com/bd76d8ea4c.js]
[www.liverpool.ac.uk/study/postgraduate-taught/applying/online/index.html]
[www.liverpool.ac.uk/study/postgraduate-taught/courses/departments/index6bed.html]
[www.liverpool.ac.uk/study/postgraduate-taught/courses/january-starts/index.html]
[www.liverpool.ac.uk/study/postgraduate-taught/courses/xjtlu/index.html]
[www.liverpool.ac.uk/study/postgraduate-taught/courses/departments/indexe36c.html]
[www.liverpool.ac.uk/study/postgraduate-taught/courses/university-of-law/index.html]
[www.liverpool.ac.uk/study/postgraduate-taught/courses/degree-apprenticeships/index.html]
[www.liverpool.ac.uk/study/postgraduate-taught/accommodation/index.html]
[www.liverpool.ac.uk/study/postgraduate-taught/courses/departments/index5149.html]
[www.liverpool.ac.uk/study/postgraduate-taught/finance/index.html]
[www.liverpool.ac.uk/study/postgraduate-taught/meet-us/index.html]
[www.liverpool.ac.uk/study/postgraduate-taught/student-testimonials/index.html]
[www.liverpool.ac.uk/study/postgraduate-taught/courses/departments/index918d.html]
[www.liverpool.ac.uk/study/postgraduate-taught/welcome/index.html]
[www.liverpool.ac.uk/study/postgraduate-taught/campus/index.html]
[www.liverpool.ac.uk/study/postgraduate-taught/courses/departments/index0739.html]
[www.liverpool.ac.uk/study/postgraduate-taught/courses/departments/index6b7a.html]
[www.liverpool.ac.uk/computer-science/index.html]
[www.liverpool.ac.uk/study/postgraduate-taught/courses/departments/index7059.html]
[www.liverpool.ac.uk/study/postgraduate-taught/courses/departments/indexe77e.html]
[www.liverpool.ac.uk/study/postgraduate-taught/courses/departments/index5ac4.html]
[www.liverpool.ac.uk/study/postgraduate-taught/courses/departments/index18fd.html]
[www.liverpool.ac.uk/study/postgraduate-taught/courses/departments/index0d44.html]
[www.liverpool.ac.uk/population-health/about/healthdatascience/index.html]
[www.liverpool.ac.uk/study/postgraduate-taught/courses/departments/index8d50.html]
[www.liverpool.ac.uk/study/postgraduate-taught/courses/departments/index1711.html]
[www.liverpool.ac.uk/study/postgraduate-taught/courses/departments/indexc92b.html]
[www.liverpool.ac.uk/study/postgraduate-taught/courses/departments/index1708.html]
[www.liverpool.ac.uk/life-course-and-medical-sciences/index.html]
[www.liverpool.ac.uk/systems-molecular-and-integrative-biology/index.html]
[www.liverpool.ac.uk/study/postgraduate-taught/courses/departments/indexf111.html]
[www.liverpool.ac.uk/study/postgraduate-taught/courses/departments/index6bc9.html]
[www.liverpool.ac.uk/languages-cultures-and-film/index.html]
[www.liverpool.ac.uk/study/postgraduate-taught/courses/departments/indexee43.html]
[www.liverpool.ac.uk/study/postgraduate-taught/courses/departments/indexc3e8.html]
[www.liverpool.ac.uk/study/postgraduate-taught/courses/departments/index4aec.html]
[www.liverpool.ac.uk/study/postgraduate-taught/courses/departments/index8944.html]
[www.liverpool.ac.uk/study/postgraduate-taught/courses/departments/indexd3f1.html]
[www.liverpool.ac.uk/study/postgraduate-taught/courses/departments/indexfbf2.html]
[www.liverpool.ac.uk/study/postgraduate-taught/courses/departments/indexe2c8.html]
[www.liverpool.ac.uk/study/postgraduate-taught/courses/departments/indexf68f.html]
[www.liverpool.ac.uk/study/postgraduate-taught/courses/departments/index5090.html]
[www.liverpool.ac.uk/geography-and-planning/index.html]
[www.liverpool.ac.uk/study/postgraduate-taught/courses/departments/index30ca.html]
[www.liverpool.ac.uk/study/postgraduate-taught/courses/departments/indexddeb.html]
[www.liverpool.ac.uk/study/postgraduate-taught/courses/departments/index6115.html]
[www.liverpool.ac.uk/study/postgraduate-taught/courses/departments/index7af4.html]
[www.liverpool.ac.uk/study/postgraduate-taught/courses/departments/indexc772.html]
[www.liverpool.ac.uk/study/postgraduate-taught/courses/indexee18.html]
[www.liverpool.ac.uk/study/postgraduate-taught/taught/accounting-and-finance-msc/overview/index.html]
[www.liverpool.ac.uk/study/postgraduate-taught/taught/advanced-aerospace-engineering-msc/overview/index.html]
[www.liverpool.ac.uk/study/postgraduate-taught/taught/advanced-biological-sciences-mres/overview/index.html]
[www.liverpool.ac.uk/study/postgraduate-taught/taught/advanced-biological-sciences/overview/index.html]
[www.liverpool.ac.uk/study/postgraduate-taught/taught/advanced-computer-science-msc/overview/index.html]
[www.liverpool.ac.uk/study/postgraduate-taught/courses/degree-apprenticeships/programmes/advanced-clinical-practitioner/index.html]
[www.liverpool.ac.uk/study/postgraduate-taught/taught/advanced-computer-science-msc-with-a-year-in-industry/overview/index.html]
[www.liverpool.ac.uk/study/postgraduate-taught/taught/advanced-manufacturing-systems-and-technology-msc-eng/overview/index.html]
[www.liverpool.ac.uk/study/postgraduate-taught/taught/advanced-marketing-msc/overview/index.html]
[www.liverpool.ac.uk/study/postgraduate-taught/taught/advanced-mechanical-engineering-msc-eng/overview/index.html]
[www.liverpool.ac.uk/study/postgraduate-taught/taught/advanced-practice-in-healthcare/overview/index.html]
[www.liverpool.ac.uk/study/postgraduate-taught/taught/applied-linguistics-ma/overview/index.html]
[www.liverpool.ac.uk/study/postgraduate-taught/taught/archaeology-msc/overview/index.html]
[www.liverpool.ac.uk/study/postgraduate-taught/taught/archaeology-ma/overview/index.html]
[www.liverpool.ac.uk/study/postgraduate-taught/taught/archaeology-mres/overview/index.html]
[www.liverpool.ac.uk/study/postgraduate-taught/taught/architecture-ma/overview/index.html]
[www.liverpool.ac.uk/study/postgraduate-taught/taught/archives-mres/overview/index.html]
[www.liverpool.ac.uk/study/postgraduate-taught/taught/archives-and-records-management-ma/overview/index.html]
[www.liverpool.ac.uk/study/postgraduate-taught/taught/archives-and-record-management-ma-int-pathway/overview/index.html]
[www.liverpool.ac.uk/files/js/common/push-out-menus/classie.js]
[www.liverpool.ac.uk/study/postgraduate-taught/taught/art-aesthetics-and-cultural-institutions-ma/overview/index.html]
[www.liverpool.ac.uk/study/postgraduate-taught/courses/taught/faculty-of-humanities-and-social-sciences/school-of-histories-languages-and-cultures/soclas/mres/modern-lan/index.html]
[www.liverpool.ac.uk/study/postgraduate-taught/taught/big-data-msc/overview/index.html]
[www.liverpool.ac.uk/study/postgraduate-taught/taught/big-data-msc-with-a-year-in-industry/overview/index.html]
[www.liverpool.ac.uk/study/postgraduate-taught/taught/bioinformatics-msc/overview/index.html]
[www.liverpool.ac.uk/study/postgraduate-taught/taught/biomedical-engineering-msc-eng/overview/index.html]
[www.liverpool.ac.uk/files/js/common/push-out-menus/mlpushmenu.13b.delayed]
[www.liverpool.ac.uk/study/postgraduate-research/degrees/indexee18.html]
[www.liverpool.ac.uk/study/postgraduate-taught/taught/biomedical-engineering-healthcare-msc-eng/overview/index.html]
[www.liverpool.ac.uk/study/postgraduate-taught/taught/biomedical-engineering-management-msc/overview/index.html]
[www.liverpool.ac.uk/study/postgraduate-taught/taught/biomedical-engineering-management-healthcare-msc/overview/index.html]
[www.liverpool.ac.uk/study/postgraduate-taught/taught/biomedical-science-and-translational-medicine-mres/overview/index.html]
[www.liverpool.ac.uk/study/postgraduate-taught/taught/biotechnology-msc/overview/index.html]
[www.liverpool.ac.uk/study/postgraduate-taught/taught/dbr-bovine-reproduction/overview/index.html]
[www.liverpool.ac.uk/tulip-assets/events-images/633adb26a0835.jpg]
[www.liverpool.ac.uk/study/postgraduate-taught/taught/business-admin-fa-cert/overview/index.html]
[www.liverpool.ac.uk/study/postgraduate-taught/taught/bim-msc/overview/index.html]
[www.liverpool.ac.uk/tulip-assets/events-images/634ebae59d3af.png]
[www.liverpool.ac.uk/study/postgraduate-taught/taught/business-analytics-and-big-data-msc/overview/index.html]
[www.liverpool.ac.uk/study/web-objects/events-toptwo.html]
[www.liverpool.ac.uk/study/postgraduate-taught/taught/cancer-biology-and-therapy-msc/overview/index.html]
[www.liverpool.ac.uk/study/postgraduate-taught/taught/cancer-care-msc/overview/index.html]
[www.liverpool.ac.uk/files/images/footer/the-original-red-brick.svg]
[www.liverpool.ac.uk/study/postgraduate-taught/taught/chemistry/overview/index.html]
[www.liverpool.ac.uk/legal/website-terms-and-conditions/index.html]
[www.liverpool.ac.uk/study/postgraduate-taught/taught/chinese-english-translation-and-interpreting-ma/overview/index.html]
[www.liverpool.ac.uk/study/postgraduate-taught/taught/business-of-classical-music-ma/overview/index.html]
[www.liverpool.ac.uk/study/postgraduate-taught/taught/classics-and-ancient-history-mres/overview/index.html]
[www.liverpool.ac.uk/study/postgraduate-taught/taught/classics-and-ancient-history-ma/overview/index.html]
[www.liverpool.ac.uk/study/postgraduate-taught/taught/sustainable-environmental-design-in-architecture-msc/overview/index.html]
[www.liverpool.ac.uk/media/livacuk/procurement-main/externaldocuments/Supplier_Code_of_Conduct.pdf]
[www.liverpool.ac.uk/study/postgraduate-taught/taught/clinical-anatomy-education-pgcert/overview/index.html]
[www.liverpool.ac.uk/study/postgraduate-taught/taught/clinical-ophthalmology-and-vision-science-msc/overview/index.html]
[www.liverpool.ac.uk/study/postgraduate-taught/taught/clinical-sciences-mres/overview/index.html]
[www.liverpool.ac.uk/media/livacuk/procurement-main/externaldocuments/Modern,Slavery,Statement,January,2022.pdf]
[www.liverpool.ac.uk/study/postgraduate-taught/taught/arts-communication-and-media-mres/overview/index.html]
[www.liverpool.ac.uk/study/postgraduate-taught/taught/computer-science-msc/overview/index.html]
[www.liverpool.ac.uk/study/postgraduate-taught/taught/contemporary-europe-ma/overview/index.html]
[www.liverpool.ac.uk/study/postgraduate-taught/taught/criminological-research-mres/overview/index.html]
[www.liverpool.ac.uk/study/postgraduate-taught/taught/creative-critical-writing-ma/overview/index.html]
[www.liverpool.ac.uk/study/postgraduate-taught/taught/critical-care-pgcert/overview/index.html]
[www.liverpool.ac.uk/procurement/modern-slavery-statement/index.html]
[www.liverpool.ac.uk/study/postgraduate-taught/taught/data-science-and-artificial-intelligence-msc/overview/index.html]
[www.liverpool.ac.uk/study/postgraduate-taught/taught/data-science-and-artificial-intelligence-msc-year-in-industry/overview/index.html]
[www.liverpool.ac.uk/study/postgraduate-taught/taught/data-science-and-communication-msc/overview/index.html]
[www.liverpool.ac.uk/study/postgraduate-taught/taught/data-science-for-economics/overview/index.html]
[www.liverpool.ac.uk/study/postgraduate-taught/taught/diagnostic-radiography-msc/overview/index.html]
[www.liverpool.ac.uk/study/postgraduate-taught/taught/economic-policy-and-data-analytics/overview/index.html]
[www.liverpool.ac.uk/study/postgraduate-taught/taught/digital-marketing-and-analytics-msc/overview/index.html]
[www.liverpool.ac.uk/study/postgraduate-taught/taught/dclinpsychol/overview/index.html]
[www.liverpool.ac.uk/study/postgraduate-taught/taught/economics-msc/overview/index.html]
[www.liverpool.ac.uk/media/livacuk/accessibility/laptop-and-notebook.jpg]
[www.liverpool.ac.uk/study/postgraduate-taught/taught/egyptology-mres/overview/index.html]
[www.liverpool.ac.uk/study/postgraduate-taught/taught/egyptology-ma/overview/index.html]
[www.liverpool.ac.uk/study/postgraduate-taught/taught/ddsc-endodontics/overview/index.html]
[www.liverpool.ac.uk/study/postgraduate-taught/taught/energy-and-power-systems-msc/overview/index.html]
[www.liverpool.ac.uk/study/postgraduate-taught/taught/arts-english-mres/overview/index.html]
[www.liverpool.ac.uk/study/postgraduate-taught/taught/energy-and-power-systems-msc-year-in-industry/overview/index.html]
[www.liverpool.ac.uk/accessibility/index.html]
[www.liverpool.ac.uk/study/postgraduate-taught/taught/english-language-ma/overview/index.html]
[www.liverpool.ac.uk/study/postgraduate-taught/taught/recl-english-ma/overview/index.html]
[www.liverpool.ac.uk/study/postgraduate-taught/taught/english-ma/overview/index.html]
[www.liverpool.ac.uk/study/postgraduate-taught/taught/mcl-english-ma/overview/index.html]
[www.liverpool.ac.uk/files/images/icons/social-media/facebook.svg]
[www.liverpool.ac.uk/study/postgraduate-taught/taught/sfs-english-ma/overview/index.html]
[www.liverpool.ac.uk/study/postgraduate-taught/taught/vl-english-ma/overview/index.html]
[www.liverpool.ac.uk/study/postgraduate-taught/taught/environment-change-and-climate-msc/overview/index.html]
[www.liverpool.ac.uk/study/postgraduate-taught/taught/entrepreneurship-and-innovation-management-msc/overview/index.html]
[www.liverpool.ac.uk/files/images/icons/arrow-right.svg]
[www.liverpool.ac.uk/study/postgraduate-taught/taught/environmental-assessment-and-management-msc/overview/index.html]
[www.liverpool.ac.uk/study/postgraduate-taught/taught/environmental-sciences-msc/overview/index.html]
[www.liverpool.ac.uk/study/postgraduate-taught/taught/finance-msc/overview/index.html]
[www.liverpool.ac.uk/study/postgraduate-taught/taught/finance-and-investment-management-msc/overview/index.html]
[www.liverpool.ac.uk/files/images/icons/arrow-down-white.svg]
[www.liverpool.ac.uk/study/postgraduate-taught/taught/financial-mathematics-msc-pgdip-pgcert/overview/index.html]
[www.liverpool.ac.uk/study/postgraduate-taught/taught/football-industries-mba/overview/index.html]
[www.liverpool.ac.uk/study/postgraduate-taught/taught/geographic-data-science-msc/overview/index.html]
[www.liverpool.ac.uk/study/postgraduate-taught/taught/financial-technology-msc/overview/index.html]
[www.liverpool.ac.uk/study/postgraduate-taught/taught/MSc-Global-Healthcare-Ethics/overview/index.html]
[www.liverpool.ac.uk/files/images/icons/arrow-down-grey.svg]
[www.liverpool.ac.uk/study/postgraduate-taught/taught/health-data-science-msc/overview/index.html]
[www.liverpool.ac.uk/study/postgraduate-taught/taught/health-societies-and-cultures-ma/overview/index.html]
[p.typekit.net/p47b0.css]
[www.liverpool.ac.uk/study/postgraduate-taught/taught/history-mres/overview/index.html]
[www.liverpool.ac.uk/study/postgraduate-taught/taught/MSc-Global-Medical-Ethics/overview/index.html]
[www.liverpool.ac.uk/study/postgraduate-taught/taught/cultural-history-ma/overview/index.html]
[www.liverpool.ac.uk/study/postgraduate-taught/taught/eighteenth-century-worlds-ma/overview/index.html]
[www.liverpool.ac.uk/study/postgraduate-taught/taught/medieval-and-renaissance-studies-ma/overview/index.html]
[www.liverpool.ac.uk/study/postgraduate-taught/taught/twentieth-century-history-ma/overview/index.html]
[www.liverpool.ac.uk/study/postgraduate-taught/taught/housing-and-community-planning-ma/overview/index.html]
[www.liverpool.ac.uk/study/postgraduate-taught/taught/human-resource-management-msc/overview/index.html]
[www.liverpool.ac.uk/study/postgraduate-taught/taught/infection-and-immunity-msc/overview/index.html]
[www.liverpool.ac.uk/study/postgraduate-taught/taught/international-business-msc/overview/index.html]
[www.liverpool.ac.uk/study/postgraduate-taught/taught/international-human-rights-law-llm/overview/index.html]
[www.liverpool.ac.uk/study/postgraduate-taught/taught/international-relations-and-security-mres/overview/index.html]
[www.liverpool.ac.uk/study/postgraduate-taught/taught/international-relations-and-security-ma/overview/index.html]
[www.liverpool.ac.uk/study/postgraduate-taught/taught/international-slavery-studies-ma/overview/index.html]
[www.liverpool.ac.uk/study/postgraduate-taught/taught/irish-studies-mres/overview/index.html]
[www.liverpool.ac.uk/study/postgraduate-taught/taught/investigative-and-forensic-psychology/overview/index.html]
[www.liverpool.ac.uk/study/postgraduate-taught/taught/latin-american-studies-mres/overview/index.html]
[www.liverpool.ac.uk/study/postgraduate-taught/taught/llm-general/overview/index.html]
[www.liverpool.ac.uk/study/postgraduate-taught/taught/law-medicine-and-healthcare-llm/overview/index.html]
[www.liverpool.ac.uk/study/postgraduate-taught/taught/management-mres/overview/index.html]
[www.liverpool.ac.uk/study/postgraduate-taught/taught/marketing-msc/overview/index.html]
[www.liverpool.ac.uk/study/postgraduate-taught/taught/master-in-management/overview/index.html]
[www.liverpool.ac.uk/study/postgraduate-taught/taught/mph-public-health/overview/index.html]
[www.liverpool.ac.uk/study/postgraduate-taught/taught/mathematical-sciences-msc-pgdip-pgcert/overview/index.html]
[www.liverpool.ac.uk/study/postgraduate-taught/taught/the-liverpool-mba/overview/index.html]
[www.liverpool.ac.uk/study/postgraduate-taught/taught/mechanical-engineering-design-management-msc/overview/index.html]
[www.liverpool.ac.uk/study/postgraduate-taught/taught/mechanical-engineering-management-msc/overview/index.html]
[www.liverpool.ac.uk/images/favicon.svg]
[www.liverpool.ac.uk/study/postgraduate-taught/taught/media-and-communication-media-and-politics-ma/overview/index.html]
[www.liverpool.ac.uk/study/postgraduate-taught/taught/media-and-communication-digital-culture-and-communication-ma/overview/index.html]
[www.liverpool.ac.uk/study/postgraduate-taught/taught/media-data-and-society-ma/overview/index.html]
[www.liverpool.ac.uk/study/postgraduate-taught/taught/mental-health-nursing-msc/overview/index.html]
[www.liverpool.ac.uk/study/postgraduate-taught/taught/microelectronic-systems-msc/overview/index.html]
[www.liverpool.ac.uk/study/postgraduate-taught/taught/microelectronic-systems-msc-year-in-industry/overview/index.html]
[www.liverpool.ac.uk/study/postgraduate-taught/taught/modern-languages-and-cultures-mres/overview/index.html]
[www.liverpool.ac.uk/study/postgraduate-taught/taught/money-and-banking/overview/index.html]
[www.liverpool.ac.uk/study/postgraduate-taught/taught/arts-music-mres/overview/index.html]
[www.liverpool.ac.uk/study/postgraduate-taught/taught/music-audiovisual-media-ma/overview/index.html]
[www.liverpool.ac.uk/files/css/master/project-shape.css]
[www.liverpool.ac.uk/study/postgraduate-taught/taught/music-industry-studies-ma/overview/index.html]
[www.liverpool.ac.uk/study/postgraduate-taught/taught/nuclear-science-and-technology-msc/overview/index.html]
[www.liverpool.ac.uk/study/postgraduate-taught/taught/nursing-msc/overview/index.html]
[www.liverpool.ac.uk/study/postgraduate-taught/taught/occupational-psychology-msc/overview/index.html]
[www.liverpool.ac.uk/study/postgraduate-taught/taught/occupational-therapy-msc/overview/index.html]
[www.liverpool.ac.uk/study/postgraduate-taught/taught/operations-and-supply-chain-management-msc/overview/index.html]
[www.liverpool.ac.uk/study/postgraduate-taught/taught/msc-oral-maxillofacial-surgery/overview/index.html]
[www.liverpool.ac.uk/media/livacuk/brand/the-original-red-brick.14c.delayed]
[www.liverpool.ac.uk/files/css/master/why-choose-liverpool.css]
[www.liverpool.ac.uk/study/postgraduate-taught/taught/ddsc-orthodontics/overview/index.html]
[www.liverpool.ac.uk/study/postgraduate-taught/taught/organisational-psychology-msc/overview/index.html]
[www.liverpool.ac.uk/study/postgraduate-taught/taught/orthoptics-pre-registration-msc/overview/index.html]
[www.liverpool.ac.uk/study/postgraduate-taught/taught/ddsc-paediatric-dentistry/overview/index.html]
[www.liverpool.ac.uk/study/postgraduate-taught/taught/palaeoanthropology-mres/overview/index.html]
[www.liverpool.ac.uk/study/postgraduate-taught/taught/palaeoanthropology-msc/overview/index.html]
[www.liverpool.ac.uk/files/js/lightbox/lightbox.css]
[www.liverpool.ac.uk/study/postgraduate-taught/taught/pandemic-sciences-msc/overview/index.html]
[www.liverpool.ac.uk/study/postgraduate-taught/taught/MSc-Palliative-and-End-of-Life-Care/overview/index.html]
[www.liverpool.ac.uk/study/postgraduate-taught/taught/music-mmus/overview/index.html]
[www.liverpool.ac.uk/study/postgraduate-taught/courses/masters-programmes/msc-pharmacology-toxicology/index.html]
[www.liverpool.ac.uk/study/postgraduate-taught/taught/arts-philosophy-mres/overview/index.html]
[www.liverpool.ac.uk/study/postgraduate-taught/taught/philosophy-ma/overview/index.html]
[www.liverpool.ac.uk/virtual-tour/css/chunk-08de0e22.da3d2d32.css]
[www.liverpool.ac.uk/study/postgraduate-taught/taught/physiotherapy-msc/overview/index.html]
[www.liverpool.ac.uk/study/postgraduate-taught/taught/political-science-and-international-relations-ma/overview/index.html]
[www.liverpool.ac.uk/study/postgraduate-taught/taught/product-design-and-management-msc-eng/overview/index.html]
[www.liverpool.ac.uk/study/postgraduate-taught/taught/project-management-msc/overview/index.html]
[www.liverpool.ac.uk/study/postgraduate-taught/taught/psychology-conversion-msc/overview/index.html]
[www.liverpool.ac.uk/study/postgraduate-taught/taught/radiometrics-instruction-and-modelling-msc/overview/index.html]
[www.liverpool.ac.uk/virtual-tour/css/chunk-2d09c1a2.8ef338f2.css]
[www.liverpool.ac.uk/study/postgraduate-taught/taught/radiotherapy-msc/overview/index.html]
[www.liverpool.ac.uk/study/postgraduate-taught/taught/research-methods-in-psychology/overview/index.html]
[www.liverpool.ac.uk/study/postgraduate-taught/taught/researching-crisis-and-change-human-geography-ma/overview/index.html]
[www.liverpool.ac.uk/virtual-tour/css/chunk-35cb14fa.d7e230bf.css]
[www.liverpool.ac.uk/study/postgraduate-taught/taught/screen-studies-ma/overview/index.html]
[www.liverpool.ac.uk/study/postgraduate-taught/taught/social-research-mres/overview/index.html]
[www.liverpool.ac.uk/study/postgraduate-taught/taught/research-methodolgy-sociology-and-social-policy-ma/overview/index.html]
[www.liverpool.ac.uk/study/postgraduate-taught/taught/sports-business-msc/overview/index.html]
[www.liverpool.ac.uk/virtual-tour/css/chunk-516cc51b.df6b245a.css]
[www.liverpool.ac.uk/study/postgraduate-taught/taught/sustainable-civil-and-structural-engineering-msc-eng/overview/index.html]
[www.liverpool.ac.uk/study/postgraduate-taught/taught/sustainable-food-systems-msc-msc/overview/index.html]
[www.liverpool.ac.uk/study/postgraduate-taught/taught/sustainable-heritage-management-ma/overview/index.html]
[www.liverpool.ac.uk/virtual-tour/css/chunk-5bd63399.49756879.css]
[www.liverpool.ac.uk/study/postgraduate-taught/taught/tesol-ma/overview/index.html]
[www.liverpool.ac.uk/study/postgraduate-taught/taught/microelectronic-systems-and-telecommunications-msc/overview/index.html]
[www.liverpool.ac.uk/study/postgraduate-taught/taught/telecommunications-and-wireless-systems-year-in-industry/overview/index.html]
[www.liverpool.ac.uk/study/postgraduate-taught/taught/beatles-ma/overview/index.html]
[www.liverpool.ac.uk/virtual-tour/css/chunk-624e5166.60d3d042.css]
[www.liverpool.ac.uk/study/postgraduate-taught/taught/theoretical-computer-science-msc/overview/index.html]
[www.liverpool.ac.uk/study/postgraduate-taught/taught/theoretical-computer-science-msc-with-a-year-in-industry/overview/index.html]
[www.liverpool.ac.uk/study/postgraduate-taught/taught/diploma-in-radiotherapy/overview/index.html]
[www.liverpool.ac.uk/study/postgraduate-taught/taught/town-and-regional-planning-mcd/overview/index.html]
[www.liverpool.ac.uk/virtual-tour/css/home.f0837eae.css]
[www.liverpool.ac.uk/study/postgraduate-taught/taught/town-and-regional-planning-ma/overview/index.html]
[www.liverpool.ac.uk/vets/cpd/index.html]
[www.liverpool.ac.uk/study/postgraduate-taught/courses/indexe7b4.html]
[www.liverpool.ac.uk/virtual-tour/css/media_spot.40655948.css]
[www.liverpool.ac.uk/study/postgraduate-research/degrees/indexe7b4.html]
[www.liverpool.ac.uk/careers/index.html]
[www.liverpool.ac.uk/virtual-tour/js/chunk-08de0e22.343e787b.js]
[www.liverpool.ac.uk/study/postgraduate-research/degrees/index.html]
[www.liverpool.ac.uk/study/postgraduate-research/studentships/index.html]
[www.liverpool.ac.uk/study/postgraduate-research/doctoral-training-programmes/index.html]
[www.liverpool.ac.uk/study/postgraduate-research/why-liverpool/index.html]
[www.liverpool.ac.uk/virtual-tour/js/chunk-2d09c1a2.c81aee88.158.delayed]
[www.liverpool.ac.uk/study/postgraduate-research/research-degrees-explained/index.html]
[www.liverpool.ac.uk/study/postgraduate-research/fees-and-funding/index.html]
[www.liverpool.ac.uk/study/postgraduate-research/how-to-apply/index.html]
[www.liverpool.ac.uk/study/postgraduate-research/meet-us/index.html]
[www.liverpool.ac.uk/virtual-tour/js/chunk-35cb14fa.0dc67287.js]
[www.liverpool.ac.uk/study/postgraduate-research/degrees/accounting-and-finance-phd/index.html]
[www.liverpool.ac.uk/study/postgraduate-research/degrees/archaeology/index.html]
[www.liverpool.ac.uk/study/postgraduate-research/degrees/architecture/index.html]
[www.liverpool.ac.uk/study/postgraduate-research/degrees/applied-health-research/index.html]
[www.liverpool.ac.uk/virtual-tour/js/chunk-516cc51b.dbaaebe1.js]
[www.liverpool.ac.uk/study/postgraduate-research/degrees/archives-and-records-management/index.html]
[www.liverpool.ac.uk/study/postgraduate-research/degrees/biological-sciences-biochemistry/index.html]
[www.liverpool.ac.uk/study/postgraduate-research/degrees/biological-sciences-functional-and-comparative-genomics/index.html]
[www.liverpool.ac.uk/study/postgraduate-research/degrees/biological-sciences-evolution-ecology-and-behaviour/index.html]
[www.liverpool.ac.uk/virtual-tour/js/chunk-5bd63399.6debec78.js]
[www.liverpool.ac.uk/study/postgraduate-research/degrees/biomedical-imaging-and-biosensing/index.html]
[www.liverpool.ac.uk/study/postgraduate-research/degrees/biostatistics/index.html]
[www.liverpool.ac.uk/study/postgraduate-research/degrees/executive-doctorate-business-administration/index.html]
[www.liverpool.ac.uk/study/postgraduate-research/degrees/cancer-biology/index.html]
[www.liverpool.ac.uk/virtual-tour/js/chunk-624e5166.d2f992f4.js]
[www.liverpool.ac.uk/study/postgraduate-research/degrees/cancer-medicine/index.html]
[www.liverpool.ac.uk/study/postgraduate-research/degrees/cellular-and-molecular,physiology/index.html]
[www.liverpool.ac.uk/study/postgraduate-research/degrees/chemistry/index.html]
[www.liverpool.ac.uk/virtual-tour/js/chunk-78f68360.a205c655.js]
[www.liverpool.ac.uk/study/postgraduate-research/degrees/cell-biology/index.html]
[www.liverpool.ac.uk/study/postgraduate-research/degrees/child-health/index.html]
[www.liverpool.ac.uk/study/postgraduate-research/degrees/classics-and-ancient-history/index.html]
[www.liverpool.ac.uk/study/postgraduate-research/degrees/clinical-psychology/index.html]
[www.liverpool.ac.uk/study/postgraduate-research/degrees/communication-and-media/index.html]
[www.liverpool.ac.uk/virtual-tour/js/home.a22bff01.15e.delayed]
[www.liverpool.ac.uk/study/postgraduate-research/degrees/comparative-literature/index.html]
[www.liverpool.ac.uk/study/postgraduate-research/degrees/computer-science/index.html]
[www.liverpool.ac.uk/study/postgraduate-research/degrees/creative-writing/index.html]
[www.liverpool.ac.uk/virtual-tour/js/home_media_spot_viewer.a14f0c1b.js]
[www.liverpool.ac.uk/study/postgraduate-research/degrees/critical-care/index.html]
[www.liverpool.ac.uk/study/postgraduate-research/degrees/earth-sciences/index.html]
[www.liverpool.ac.uk/study/postgraduate-research/degrees/economics/index.html]
[www.liverpool.ac.uk/virtual-tour/js/home_viewer.7fc74ac7.js]
[www.liverpool.ac.uk/study/postgraduate-research/degrees/egyptology/index.html]
[www.liverpool.ac.uk/study/postgraduate-research/degrees/electrical-engineering-and-electronics/index.html]
[www.liverpool.ac.uk/study/postgraduate-research/degrees/engineering/index.html]
[www.liverpool.ac.uk/virtual-tour/js/media.71e3f41a.js]
[www.liverpool.ac.uk/study/postgraduate-research/degrees/english/index.html]
[www.liverpool.ac.uk/study/postgraduate-research/degrees/environmental-science/index.html]
[www.liverpool.ac.uk/study/postgraduate-research/degrees/epidemiology-and-population-health/index.html]
[www.liverpool.ac.uk/study/postgraduate-research/degrees/eye-and-vision-sciences/index.html]
[www.liverpool.ac.uk/virtual-tour/js/media_spot.40ecc453.js]
[www.liverpool.ac.uk/study/postgraduate-research/degrees/film-studies/index.html]
[www.liverpool.ac.uk/study/postgraduate-research/degrees/food-security/index.html]
[www.liverpool.ac.uk/study/postgraduate-research/degrees/french/index.html]
[www.liverpool.ac.uk/study/postgraduate-research/degrees/gastroenterology/index.html]
[www.liverpool.ac.uk/virtual-tour/js/spot.039598b9.js]
[www.liverpool.ac.uk/study/postgraduate-research/degrees/geography/index.html]
[www.liverpool.ac.uk/study/postgraduate-research/degrees/haematology-and-leukaemia/index.html]
[www.liverpool.ac.uk/study/postgraduate-research/degrees/german/index.html]
[www.liverpool.ac.uk/study/postgraduate-research/degrees/health-services-research/index.html]
[www.liverpool.ac.uk/virtual-tour/js/viewer.8b77bf8c.js]
[www.liverpool.ac.uk/study/postgraduate-research/degrees/hispanic-studies/index.html]
[www.liverpool.ac.uk/study/postgraduate-research/degrees/history/index.html]
[www.liverpool.ac.uk/study/postgraduate-research/degrees/immunology/index.html]
[www.liverpool.ac.uk/virtual-tour/css/app.3ef29341.css]
[www.liverpool.ac.uk/study/postgraduate-research/degrees/infection-and-global-health-medical/index.html]
[www.liverpool.ac.uk/study/postgraduate-research/degrees/infection-and-global-health-veterinary/index.html]
[www.liverpool.ac.uk/study/postgraduate-research/degrees/infectious-diseases/index.html]
[www.liverpool.ac.uk/virtual-tour/js/app.222c4490.js]
[www.liverpool.ac.uk/study/postgraduate-research/degrees/irish-studies/index.html]
[www.liverpool.ac.uk/study/postgraduate-research/degrees/italian/index.html]
[www.liverpool.ac.uk/study/postgraduate-research/degrees/latin-american-studies/index.html]
[www.liverpool.ac.uk/study/postgraduate-research/degrees/law/index.html]
[www.liverpool.ac.uk/virtual-tour/js/chunk-vendors.63371571.js]
[www.liverpool.ac.uk/study/postgraduate-research/degrees/management/index.html]
[www.liverpool.ac.uk/study/postgraduate-research/degrees/marine-science/index.html]
[www.liverpool.ac.uk/study/postgraduate-research/degrees/mathematical-sciences/index.html]
[www.liverpool.ac.uk/virtual-tour/js/chunk-vendors-legacy.4dd08a7a.js]
[www.liverpool.ac.uk/study/postgraduate-research/degrees/medical-education/index.html]
[www.liverpool.ac.uk/study/postgraduate-research/degrees/medical-microbiology/index.html]
[www.liverpool.ac.uk/study/postgraduate-research/degrees/medical-parasitology/index.html]
[www.liverpool.ac.uk/virtual-tour/js/app-legacy.adae01e0.js]
[www.liverpool.ac.uk/virtual-tour/index.html]
[www.liverpool.ac.uk/study/postgraduate-research/degrees/modern-languages/index.html]
[www.liverpool.ac.uk/study/postgraduate-research/degrees/musculoskeletal-biology/index.html]
[www.liverpool.ac.uk/study/postgraduate-research/degrees/music/index.html]
[www.liverpool.ac.uk/study/postgraduate-research/degrees/neurobiology-and-neurodegeneration/index.html]
[www.liverpool.ac.uk/study/postgraduate-research/degrees/neurological-science/index.html]
[www.liverpool.ac.uk/media/whychooseliverpool/sport-liverpool.16a.delayed]
[www.liverpool.ac.uk/study/postgraduate-research/degrees/obesity-and-endocrinology/index.html]
[www.liverpool.ac.uk/study/postgraduate-research/degrees/ocular-oncology/index.html]
[www.liverpool.ac.uk/study/postgraduate-research/degrees/orthopaedic-biology/index.html]
[www.liverpool.ac.uk/study/postgraduate-research/degrees/palliative-care/index.html]
[www.liverpool.ac.uk/media/whychooseliverpool/guild.jpg]
[www.liverpool.ac.uk/study/postgraduate-research/degrees/pancreatology/index.html]
[www.liverpool.ac.uk/study/postgraduate-research/degrees/pathology/index.html]
[www.liverpool.ac.uk/study/postgraduate-research/degrees/pharmacology/index.html]
[www.liverpool.ac.uk/media/whychooseliverpool/library.jpg]
[www.liverpool.ac.uk/study/postgraduate-research/degrees/philosophy/index.html]
[www.liverpool.ac.uk/study/postgraduate-research/degrees/physics/index.html]
[www.liverpool.ac.uk/study/postgraduate-research/degrees/civic-design/index.html]
[www.liverpool.ac.uk/files/docs/maps/liverpool-university-campus-map.16d.delayed]
[www.liverpool.ac.uk/study/postgraduate-research/degrees/politics/index.html]
[www.liverpool.ac.uk/study/postgraduate-research/degrees/primary-care/index.html]
[www.liverpool.ac.uk/study/postgraduate-research/degrees/psychiatry/index.html]
[www.liverpool.ac.uk/study/postgraduate-research/degrees/psychology/index.html]
[www.liverpool.ac.uk/media/whychooseliverpool/ab-sq.jpg]
[www.liverpool.ac.uk/study/postgraduate-research/degrees/public-health/index.html]
[www.liverpool.ac.uk/study/postgraduate-research/degrees/radiobiology-and-radiotherapy/index.html]
[www.liverpool.ac.uk/study/postgraduate-research/degrees/sociolinguistics/index.html]
[www.liverpool.ac.uk/study/postgraduate-research/degrees/sociology-and-social-policy/index.html]
[www.liverpool.ac.uk/study/postgraduate-research/degrees/stem-cell-and-regenerative-medicine/index.html]
[www.liverpool.ac.uk/study/why-liverpool/campus-life/index.html]
[www.liverpool.ac.uk/study/postgraduate-research/degrees/surgery-and-oncology/index.html]
[www.liverpool.ac.uk/study/postgraduate-research/degrees/translation-studies/index.html]
[www.liverpool.ac.uk/study/postgraduate-research/degrees/vaccinology/index.html]
[www.liverpool.ac.uk/study/postgraduate-research/degrees/veterinary-epidemiology/index.html]
[www.liverpool.ac.uk/study/postgraduate-research/degrees/veterinary-microbiology/index.html]
[www.liverpool.ac.uk/media/whychooseliverpool/accessible.jpg]
[www.liverpool.ac.uk/study/postgraduate-research/degrees/veterinary-parasitology/index.html]
[www.liverpool.ac.uk/study/postgraduate-research/degrees/veterinary-pathology/index.html]
[www.liverpool.ac.uk/media/whychooseliverpool/mature-students.jpg]
[www.liverpool.ac.uk/study/postgraduate-research/degrees/veterinary-virology/index.html]
[www.liverpool.ac.uk/study/postgraduate-research/degrees/virology/index.html]
[www.liverpool.ac.uk/study/postgraduate-research/degrees/womens-health/index.html]
[www.liverpool.ac.uk/media/whychooseliverpool/widening-participation.175.delayed]
[www.liverpool.ac.uk/study/postgraduate-taught/courses/indexd058.html]
[www.liverpool.ac.uk/study/postgraduate-research/degrees/indexd058.html]
[www.liverpool.ac.uk/media/whychooseliverpool/student-support.jpg]
[www.liverpool.ac.uk/study/postgraduate-research/degrees/Edge/index.html]
[www.liverpool.ac.uk/events/event/index5698.html]
[www.liverpool.ac.uk/study/postgraduate-research/degrees/Trident/index.html]
[www.liverpool.ac.uk/media/whychooseliverpool/postgraduate-bursary.jpg]
[www.liverpool.ac.uk/procurement/index.html]
[www.liverpool.ac.uk/events/event/indexfb72.html]
[www.liverpool.ac.uk/procurement/for-external-suppliers/index.html]
[www.liverpool.ac.uk/procurement/covid-19,suppliers/index.html]
[www.liverpool.ac.uk/procurement/contacts/index.html]
[www.liverpool.ac.uk/media/whychooseliverpool/iag.jpg]
[www.liverpool.ac.uk/media/whychooseliverpool/go-higher.jpg]
[www.liverpool.ac.uk/accessibility/accessibility-statement/index.html]
[www.liverpool.ac.uk/accessibility/known-issues/index.html]
[www.liverpool.ac.uk/accessibility/contact/index.html]
[www.liverpool.ac.uk/study/why-liverpool/accessible-for-everyone/index.html]
[www.liverpool.ac.uk/study/postgraduate-taught/finance/scholarships/scholarships/postgraduate-opportunity-bursary-2020/index.html]
[www.liverpool.ac.uk/humanities-and-social-sciences/go-higher/index.html]
[www.liverpool.ac.uk/media/livacuk/careersandemployability/2022campewebsite/aboutus/Banner,Full,width,(2).jpg]
[www.liverpool.ac.uk/careers/students/index.html]
[www.liverpool.ac.uk/careers/graduates/index.html]
[www.liverpool.ac.uk/careers/career-studio/index.html]
[www.liverpool.ac.uk/careers/programmes/index.html]
[www.liverpool.ac.uk/media/livacuk/careersandemployability/2022campewebsite/careerstudio/Module,images,.jpg]
[www.liverpool.ac.uk/careers/handshake/index.html]
[www.liverpool.ac.uk/careers/about/index.html]
[www.liverpool.ac.uk/careers/about/research-,projects/index.html]
[www.liverpool.ac.uk/careers/about/co-exploration/index.html]
[www.liverpool.ac.uk/careers/about/tech-enhanced/index.html]
[www.liverpool.ac.uk/careers/news/articles/new-careers-studio-on-campus/index.html]
[www.liverpool.ac.uk/careers/virtual-career-studio/tools-resources/meet-the-coaches/index.html]
[www.liverpool.ac.uk/media/livacuk/careersandemployability/2022campewebsite/aboutus/Banner,Full,width,(13).jpg]
[www.liverpool.ac.uk/media/livacuk/careersandemployability/2022campewebsite/aboutus/Module,images,,(3).jpg]
[www.liverpool.ac.uk/media/livacuk/careersandemployability/2022campewebsite/aboutus/Module,images,,(4).jpg]
[www.liverpool.ac.uk/media/livacuk/careersandemployability/2022campewebsite/aboutus/Module,images,,(2).jpg]
[www.liverpool.ac.uk/careers/about/embedded-employability/index.html]
[www.liverpool.ac.uk/careers/employers/advertise-opportunities/index.html]
[www.liverpool.ac.uk/media/livacuk/careersandemployability/2022campewebsite/employerssection/Untitled,design,(4).jpg]
[www.liverpool.ac.uk/careers/employers/diversity-and-inclusion/index.html]
[www.liverpool.ac.uk/careers/employers/meet-the-team/index.html]
[www.liverpool.ac.uk/media/livacuk/careersandemployability/ect/boxes,684,x,355,(1).png]
[www.liverpool.ac.uk/careers/employers/campus-events/index.html]
[www.liverpool.ac.uk/careers/employers/sme's/index.html]
[www.liverpool.ac.uk/careers/employers/curriculum-events/index.html]
[www.liverpool.ac.uk/media/livacuk/careersandemployability/ect/boxes,684,x,355,(2).png]
[www.liverpool.ac.uk/media/livacuk/careersandemployability/ect/boxes,684,x,355,(3).png]
[www.liverpool.ac.uk/careers/employers/digital-solutions/index.html]
[www.liverpool.ac.uk/media/livacuk/careersandemployability/ect/boxes,684,x,355,(4).png]
[www.liverpool.ac.uk/media/livacuk/careersandemployability/ect/boxes,684,x,355,(5).png]
[www.liverpool.ac.uk/media/livacuk/careersandemployability/ect/boxes,684,x,355,(6).png]
[www.liverpool.ac.uk/media/livacuk/careersandemployability/ect/boxes,684,x,355,(7).png]
[www.liverpool.ac.uk/media/livacuk/careersandemployability/ect/boxes,684,x,355,(10).png]
[www.liverpool.ac.uk/media/livacuk/careersandemployability/ect/boxes,684,x,355,(9).png]
[www.liverpool.ac.uk/careers/employers/connections-in-action/index.html]
[www.liverpool.ac.uk/media/livacuk/careersandemployability/ect/boxes,684,x,355,(11).png]
[www.liverpool.ac.uk/careers/employers/index.html]
[www.liverpool.ac.uk/media/livacuk/careersandemployability/2020/Untitled,design,(8).jpg]
[www.liverpool.ac.uk/media/livacuk/careersandemployability/new2018/Asset,1-100.jpg]
[www.liverpool.ac.uk/careers/about/student-success/index.html]
[www.liverpool.ac.uk/global-opportunities/index.html]
[www.liverpool.ac.uk/languages/open-languages/index.html]
[www.liverpool.ac.uk/study/subjects/accounting-finance-and-economics/index.html]
[www.liverpool.ac.uk/study/subjects/aerospace-engineering/index.html]
[www.liverpool.ac.uk/study/subjects/archaeology-classics-and-egyptology/index.html]
[www.liverpool.ac.uk/study/subjects/architecture-building-and-planning/index.html]
[www.liverpool.ac.uk/courses/subjects.html]
[www.liverpool.ac.uk/study/subjects/biological-and-biomedical-sciences/index.html]
[www.liverpool.ac.uk/study/subjects/chemistry/index.html]
[www.liverpool.ac.uk/files/css/master/study.css]
[www.liverpool.ac.uk/study/subjects/business-and-management/index.html]
[www.liverpool.ac.uk/study/subjects/communication-film-and-media/index.html]
[www.liverpool.ac.uk/study/subjects/computer-science/index.html]
[www.liverpool.ac.uk/study/subjects/data/index.html]
[www.liverpool.ac.uk/study/subjects/dentistry/index.html]
[www.liverpool.ac.uk/files/css/master/online-temp.css]
[www.liverpool.ac.uk/study/subjects/earth-sciences/index.html]
[www.liverpool.ac.uk/study/subjects/electrical-engineering-and-electronics/index.html]
[www.liverpool.ac.uk/study/subjects/engineering/index.html]
[www.liverpool.ac.uk/study/subjects/english/index.html]
[www.liverpool.ac.uk/study/subjects/environmental-sciences/index.html]
[www.liverpool.ac.uk/study/subjects/geography/index.html]
[www.liverpool.ac.uk/study/subjects/game-design/index.html]
[www.liverpool.ac.uk/info/pls/portal/tulwwwmerge.1a725f6.delayed]
[www.liverpool.ac.uk/study/subjects/health-sciences/index.html]
[www.liverpool.ac.uk/study/subjects/history/index.html]
[www.liverpool.ac.uk/study/subjects/irish-studies/index.html]
[www.liverpool.ac.uk/study/subjects/languages-and-cultures/index.html]
[www.liverpool.ac.uk/study/subjects/law/index.html]
[www.liverpool.ac.uk/study/subjects/mathematics/index.html]
[www.liverpool.ac.uk/study/subjects/mechanical-engineering/index.html]
[www.liverpool.ac.uk/study/subjects/medicine/index.html]
[www.liverpool.ac.uk/study/subjects/music/index.html]
[www.liverpool.ac.uk/info/portal/pls/portal/tulwwwmerge07e7.html]
[www.liverpool.ac.uk/study/subjects/philosophy/index.html]
[www.liverpool.ac.uk/study/subjects/physics/index.html]
[www.liverpool.ac.uk/info/portal/pls/portal/tulwwwmerge4568.html]
[www.liverpool.ac.uk/study/subjects/psychology/index.html]
[www.liverpool.ac.uk/study/subjects/politics/index.html]
[www.liverpool.ac.uk/study/subjects/sociology-social-policy-and-criminology/index.html]
[www.liverpool.ac.uk/study/subjects/veterinary-science/index.html]
[www.liverpool.ac.uk/centre-for-archive-studies/courses/index.html]
[www.liverpool.ac.uk/centre-for-archive-studies/people/index.html]
[www.liverpool.ac.uk/centre-for-archive-studies/index.html]
[www.liverpool.ac.uk/centre-for-archive-studies/about-the-centre-for-archive-studies/index.html]
[www.liverpool.ac.uk/centre-for-archive-studies/awards-and-prizes/index.html]
[www.liverpool.ac.uk/info/portal/pls/portal/tulwwwmerge3011.html]
[www.liverpool.ac.uk/centre-for-archive-studies/publications/index.html]
[www.liverpool.ac.uk/centre-for-archive-studies/archival-theory-reading-group/index.html]
[www.liverpool.ac.uk/info/portal/pls/portal/tulwwwmerge6f1e.html]
[www.liverpool.ac.uk/centre-for-archive-studies/events/index.html]
[www.liverpool.ac.uk/info/portal/pls/portal/tulwwwmergec219.html]
[www.liverpool.ac.uk/info/portal/pls/portal/tulwwwmerge3c0b.html]
[www.liverpool.ac.uk/info/portal/pls/portal/tulwwwmerge4d3f.html]
[www.liverpool.ac.uk/info/portal/pls/portal/tulwwwmerge49db.html]
[www.liverpool.ac.uk/media/livacuk/lucas/DCPS,Archives,and,Records,Management,Application,Form,2021.doc]
[www.liverpool.ac.uk/media/livacuk/lucas/DCPS,Archives,and,Records,Management,Reference,Form,2021,.doc]
[www.liverpool.ac.uk/media/livacuk/lucas/artssesimages/lucas/Shari-200x150.jpg]
[www.liverpool.ac.uk/centre-for-archive-studies/courses/dcpsarm/index.html]
[www.liverpool.ac.uk/info/portal/pls/portal/tulwwwmergef6ec.html]
[www.liverpool.ac.uk/info/portal/pls/portal/tulwwwmerge2264.html]
[www.liverpool.ac.uk/info/portal/pls/portal/tulwwwmerge168c.html]
[www.liverpool.ac.uk/info/portal/pls/portal/tulwwwmerge6b2f.html]
[www.liverpool.ac.uk/info/portal/pls/portal/tulwwwmergecbe3.html]
[www.liverpool.ac.uk/info/portal/pls/portal/tulwwwmerge6881.html]
[www.liverpool.ac.uk/info/portal/pls/portal/tulwwwmerge86df.html]
[www.liverpool.ac.uk/info/portal/pls/portal/tulwwwmergecc7b.html]
[www.liverpool.ac.uk/media/livacuk/lucas/RIM_Application_Form,2022.doc]
[www.liverpool.ac.uk/media/livacuk/lucas/Reference_Form_DCPS_RIM,2022.doc]
[www.liverpool.ac.uk/centre-for-archive-studies/courses/d-cps_rim/index.html]
[www.liverpool.ac.uk/vets/cpd/certavp/production-animal/about/index.html]
[www.liverpool.ac.uk/media/livacuk/vetscpd/cert-avp-rh.jpg]
[www.liverpool.ac.uk/vets/cpd/certavp/equine/about/index.html]
[www.liverpool.ac.uk/vets/cpd/about/index.html]
[www.liverpool.ac.uk/vets/cpd/certavp/small-animal/about/index.html]
[www.liverpool.ac.uk/media/livacuk/vetscpd/202122_StudentHandbook_CertAVP_VPS.pdf]
[www.liverpool.ac.uk/vets/cpd/certavp/faq/index.html]
[www.liverpool.ac.uk/vets/cpd/day-and-evening/index.html]
[www.liverpool.ac.uk/vets/cpd/onlinecpd/index.html]
[www.liverpool.ac.uk/vets/cpd/certavp/index.html]
[www.liverpool.ac.uk/vets/cpd/dbr/index.html]
[www.liverpool.ac.uk/vets/cpd/certavp/module-list/index.html]
[www.liverpool.ac.uk/vets/cpd/how-to-book/index.html]
[www.liverpool.ac.uk/media/livacuk/vetscpd/VBM_IntroductiontoVeterinaryBusinessStudies.pdf]
[www.liverpool.ac.uk/vets/cpd/news/index.html]
[www.liverpool.ac.uk/media/livacuk/vetscpd/VBM_BusinessStrategyandEntrepreneurship.pdf]
[www.liverpool.ac.uk/vets/cpd/contacts/index.html]
[www.liverpool.ac.uk/vets/cpd/how-to-book/avp/index.html]
[www.liverpool.ac.uk/vets/cpd/certavp/production-animal/index.html]
[www.liverpool.ac.uk/media/livacuk/vetscpd/VBM_Marketing.pdf]
[www.liverpool.ac.uk/media/livacuk/vetscpd/VBM_HumanResources.pdf]
[www.liverpool.ac.uk/vets/cpd/how-to-book/avp/synoptic-exam/index.html]
[www.liverpool.ac.uk/media/livacuk/vetscpd/VBM_FinanceAccountingandResourceManagment.pdf]
[www.liverpool.ac.uk/media/livacuk/vetscpd/VBM_WorkBasedLearning.pdf]
[www.liverpool.ac.uk/media/livacuk/veterinaryscience/Draft,New,VBM,Booking,Form,2022.pdf]
[www.liverpool.ac.uk/media/livacuk/veterinaryscience/Registration,Form,2022.pdf]
[www.liverpool.ac.uk/media/livacuk/vetscpd/vbml.jpg]
[www.liverpool.ac.uk/media/livacuk/vetscpd/202122_Student,Handbook_VBM.pdf]
[www.liverpool.ac.uk/vets/cpd/vet-business/index.html]
[www.liverpool.ac.uk/vets/cpd/how-to-book/pgcert-vbm/index.html]
[www.liverpool.ac.uk/media/livacuk/vetscpd/vet-physio.jpg]
[www.liverpool.ac.uk/vets/cpd/how-to-book/vet-physio/index.html]
[www.liverpool.ac.uk/media/livacuk/vetscpd/ll.pdf]
[www.liverpool.ac.uk/media/livacuk/vetscpd/Veterinary,Physiotherapy,Timetable,2022.pdf]
[www.liverpool.ac.uk/vets/cpd/vet-physio/index.html]
[www.liverpool.ac.uk/vets/cpd/vet-professional/introductiontoepidemiology/index.html]
[www.liverpool.ac.uk/media/livacuk/vetscpd/MSc-plan.1e1.delayed]
[www.liverpool.ac.uk/vets/cpd/vet-professional/clin-practice/index.html]
[www.liverpool.ac.uk/vets/cpd/vet-professional/researchprojectvets609/index.html]
[www.liverpool.ac.uk/vets/cpd/vet-professional/animalshumansociety/index.html]
[www.liverpool.ac.uk/vets/cpd/vet-professional/research-project/index.html]
[www.liverpool.ac.uk/media/livacuk/vetscpd/how-to-book-hp.jpg]
[www.liverpool.ac.uk/vets/cpd/vet-professional/index.html]
[www.liverpool.ac.uk/study/undergraduate/contact-us/index.html]
[www.liverpool.ac.uk/study/international/contact-us/index.html]
[www.liverpool.ac.uk/study/postgraduate-taught/contact-us/index.html]
[www.liverpool.ac.uk/study/postgraduate-research/contact-us/index.html]
[www.liverpool.ac.uk/study/undergraduate/index.html]
[www.liverpool.ac.uk/study/undergraduate/welcome-to-liverpool/index.html]
[www.liverpool.ac.uk/study/undergraduate/open-days-and-visits/index.html]
[www.liverpool.ac.uk/studentsupport/index.html]
[www.liverpool.ac.uk/study/undergraduate/applying/mature-students/index.html]
[www.liverpool.ac.uk/study/undergraduate/parents/index.html]
[www.liverpool.ac.uk/study/undergraduate/schools/index.html]
[www.liverpool.ac.uk/study/international/countries/albania.html]
[www.liverpool.ac.uk/study/international/countries/algeria.html]
[www.liverpool.ac.uk/study/international/countries/australia.html]
[www.liverpool.ac.uk/study/international/countries/austria.html]
[www.liverpool.ac.uk/study/international/countries/azerbaijan.html]
[www.liverpool.ac.uk/study/international/countries/argentina.html]
[www.liverpool.ac.uk/study/international/countries/bahrain.html]
[www.liverpool.ac.uk/study/international/countries/bangladesh.html]
[www.liverpool.ac.uk/study/international/countries/belgium.html]
[www.liverpool.ac.uk/study/international/countries/belize.html]
[www.liverpool.ac.uk/study/international/countries/bolivia.html]
[www.liverpool.ac.uk/study/international/countries/brazil.html]
[www.liverpool.ac.uk/study/international/countries/brunei.html]
[www.liverpool.ac.uk/study/international/countries/bulgaria.html]
[www.liverpool.ac.uk/study/international/countries/canada.html]
[www.liverpool.ac.uk/study/international/countries/thecaribbean.html]
[www.liverpool.ac.uk/study/international/countries/chile.html]
[www.liverpool.ac.uk/study/international/countries/china.html]
[www.liverpool.ac.uk/study/international/countries/costarica.html]
[www.liverpool.ac.uk/study/international/countries/croatia.html]
[www.liverpool.ac.uk/study/international/countries/cyprus.html]
[www.liverpool.ac.uk/study/international/countries/czechrepublic.html]
[www.liverpool.ac.uk/study/international/countries/denmark.html]
[www.liverpool.ac.uk/study/international/countries/ecuador.html]
[www.liverpool.ac.uk/study/international/countries/egypt.html]
[www.liverpool.ac.uk/study/international/countries/elsalvador.html]
[www.liverpool.ac.uk/study/international/countries/estonia.html]
[www.liverpool.ac.uk/study/international/countries/finland.html]
[www.liverpool.ac.uk/study/international/countries/france.html]
[www.liverpool.ac.uk/study/international/countries/germany.html]
[www.liverpool.ac.uk/study/international/countries/ghana.html]
[www.liverpool.ac.uk/study/international/countries/greece.html]
[www.liverpool.ac.uk/study/international/countries/guatemala.html]
[www.liverpool.ac.uk/study/international/countries/honduras.html]
[www.liverpool.ac.uk/study/international/countries/hongkongchina.html]
[www.liverpool.ac.uk/study/international/countries/hungary.html]
[www.liverpool.ac.uk/study/international/countries/iceland.html]
[www.liverpool.ac.uk/study/international/countries/india.html]
[www.liverpool.ac.uk/study/international/countries/indonesia.html]
[www.liverpool.ac.uk/study/international/countries/iran.html]
[www.liverpool.ac.uk/study/international/countries/iraq.html]
[www.liverpool.ac.uk/study/international/countries/italy.html]
[www.liverpool.ac.uk/study/international/countries/japan.html]
[www.liverpool.ac.uk/study/international/countries/jordan.html]
[www.liverpool.ac.uk/study/international/countries/kazakhstan.html]
[www.liverpool.ac.uk/study/international/countries/kenya.html]
[www.liverpool.ac.uk/study/international/countries/kuwait.html]
[www.liverpool.ac.uk/study/international/countries/latvia.html]
[www.liverpool.ac.uk/study/international/countries/libya.html]
[www.liverpool.ac.uk/study/international/countries/liechtenstein.html]
[www.liverpool.ac.uk/study/international/countries/lithuania.html]
[www.liverpool.ac.uk/study/international/countries/luxembourg.html]
[www.liverpool.ac.uk/study/international/countries/malaysia.html]
[www.liverpool.ac.uk/study/international/countries/mauritius.html]
[www.liverpool.ac.uk/study/international/countries/mexico.html]
[www.liverpool.ac.uk/study/international/countries/moldova.html]
[www.liverpool.ac.uk/study/international/countries/mongolia.html]
[www.liverpool.ac.uk/study/international/countries/montenegro.html]
[www.liverpool.ac.uk/study/international/countries/morocco.html]
[www.liverpool.ac.uk/study/international/countries/nepal.html]
